tunisia_like_startups_sme.csv
sector,stage,team_size,initial_investment_tnd,price_per_unit_tnd,monthly_units_sold,monthly_revenue_tnd,monthly_costs_tnd,monthly_profit_tnd,profit_margin_percent,risk_level
Tech,Idea,7,92217,69.48,101,7017.48,7811.44,-793.96,-11.31,High
Services,Early,2,145375,74.45,586,43627.7,29593.4,14034.3,32.17,Low
Retail,Growing,18,76326,56.17,2774,155815.58,137345.73,18469.85,11.85,Medium
Agriculture,Early,14,73919,35.02,3967,138924.34,95441.72,43482.62,31.3,Low
Tech,Idea,12,7969,347.29,90,31256.1,17791.17,13464.93,43.08,High
Services,Idea,19,55679,97.84,688,67313.92,54169.93,13143.99,19.53,High
Agriculture,Early,6,57259,28.0,348,9744.0,7402.51,2341.49,24.03,Low
Services,Idea,7,163043,112.57,775,87241.75,39113.15,48128.6,45.0,High
Agriculture,Growing,9,41383,18.15,1912,34702.8,25723.66,8979.14,25.87,Low
Retail,Early,12,120183,61.79,2250,139027.5,113947.97,25079.53,18.04,Low
Services,Early,15,127341,184.41,377,69522.57,44168.24,25354.33,36.47,Low
Services,Early,5,126468,221.81,249,55230.69,32489.8,22740.89,41.17,Low
Agriculture,Idea,1,37988,29.52,1281,37815.12,25246.54,12568.58,33.24,High
Agriculture,Early,12,65762,39.89,2666,106346.74,77146.37,29200.37,27.46,Low
Services,Early,10,4564,233.67,182,42527.94,27603.47,14924.47,35.09,Low
Tech,Idea,9,89182,45.63,19,866.97,4632.86,-3765.89,-80.0,High
Tech,Growing,11,38027,188.29,190,35775.1,14821.39,20953.71,45.0,Low
Retail,Early,14,123806,30.29,1363,41285.27,39166.86,2118.41,5.13,Medium
Services,Idea,17,26739,223.69,109,24382.21,21242.94,3139.27,12.88,High
Tech,Early,19,134966,383.74,175,67154.5,43592.29,23562.21,35.09,Low
Tech,Early,14,49712,208.27,202,42070.54,15693.86,26376.68,45.0,Low
Services,Growing,6,165812,186.15,627,116716.05,44289.19,72426.86,45.0,Low
Tech,Early,19,170222,215.75,87,18770.25,13734.0,5036.25,26.83,Low
Retail,Growing,12,11597,9.97,3535,35243.95,31328.7,3915.25,11.11,Medium
Agriculture,Early,10,51762,21.67,3980,86246.6,71085.1,15161.5,17.58,Low
Retail,Growing,11,76233,37.96,3153,119687.88,89683.01,30004.87,25.07,Low
Tech,Early,14,165709,191.66,296,56731.36,27147.82,29583.54,45.0,Low
Manufacturing,Growing,4,111085,167.03,1661,277436.83,163738.3,113698.53,40.98,Low
Services,Early,11,4435,52.08,694,36143.52,21375.01,14768.51,40.86,Low
Services,Growing,8,113900,131.17,618,81063.06,50812.41,30250.65,37.32,Low
Agriculture,Early,1,69789,20.78,3518,73104.04,44021.9,29082.14,39.78,Low
Services,Early,10,89050,93.75,196,18375.0,11474.81,6900.19,37.55,Low
Retail,Idea,17,60484,17.44,931,16236.64,19345.7,-3109.06,-19.15,High
Retail,Early,4,113810,97.55,5598,546084.9,480327.29,65757.61,12.04,Low
Agriculture,Early,12,12503,36.7,1625,59637.5,38489.74,21147.76,35.46,Low
Services,Early,19,140771,104.84,72,7548.48,9576.5,-2028.02,-26.87,High
Services,Idea,14,48325,181.09,386,69900.74,41058.17,28842.57,41.26,High
Services,Idea,1,107152,35.01,213,7457.13,3918.09,3539.04,45.0,High
Tech,Early,16,113345,303.1,186,56376.6,38944.29,17432.31,30.92,Low
Retail,Growing,12,12549,35.38,6804,240725.52,218783.13,21942.39,9.12,Medium
Tech,Idea,3,16701,187.13,21,3929.73,4725.01,-795.28,-20.24,High
Services,Growing,15,150755,151.39,582,88108.98,54088.88,34020.1,38.61,Low
Manufacturing,Growing,18,128954,24.4,2254,54997.6,45424.2,9573.4,17.41,Low
Retail,Idea,12,149492,21.5,660,14190.0,15763.0,-1573.0,-11.09,High
Tech,Early,4,103402,297.27,152,45185.04,23032.29,22152.75,45.0,Low
Agriculture,Early,11,65539,23.53,2122,49930.66,40909.95,9020.71,18.07,Low
Agriculture,Idea,18,37583,26.75,467,12492.25,17061.52,-4569.27,-36.58,High
Manufacturing,Idea,3,65974,92.7,757,70173.9,48296.16,21877.74,31.18,High
Retail,Early,6,166751,117.82,1479,174255.78,151046.7,23209.08,13.32,Low
Agriculture,Idea,15,127472,11.37,1741,19795.17,15252.81,4542.36,22.95,High
Services,Early,12,26709,91.26,218,19894.68,13124.66,6770.02,34.03,Low
Manufacturing,Early,7,126292,77.26,891,68838.66,49463.85,19374.81,28.15,Low
Tech,Early,6,156422,38.36,199,7633.64,8872.24,-1238.6,-16.23,High
Manufacturing,Growing,13,143751,70.28,648,45541.44,36416.37,9125.07,20.04,Low
Manufacturing,Growing,8,121724,103.08,1258,129674.64,95009.47,34665.17,26.73,Low
Retail,Early,8,143971,30.56,4388,134097.28,106961.64,27135.64,20.24,Low
